// Jest Snapshot v1, https://goo.gl/fbAQLP

exports[`Test of Quote page test if Quote page is rendered 1`] = `
<section
  className="quote-section"
>
  <p>
    Mathmatics is not about numbers,eauations, computations, or algorithms: it is about understanding.
    <span
      className="author"
    >
      -William Paul Thurston
    </span>
  </p>
</section>
`;
